// Jest Snapshot v1, https://goo.gl/fbAQLP

exports[`Header matches snapshot 1`] = `
<div
  className="header-container"
>
  <header
    className="header-primary header"
  >
    <div
      className="content"
    >
      <Link
        activeClassName="active"
        href="/"
        onClick={[Function]}
      >
        <h1>
          AC Tracker
        </h1>
        <img
          className="check"
          src="../../assets/menu/check.svg"
        />
      </Link>
      <div
        className="hamburger-buns"
      >
        <div
          className={null}
          onClick={[Function]}
        >
          <div
            className="bar1"
          />
          <div
            className="bar2"
          />
          <div
            className="bar3"
          />
        </div>
      </div>
    </div>
  </header>
  <header
    className="header-menu header"
  >
    <nav
      className="hide"
    >
      <HeaderLink
        clickHandler={[Function]}
        type="fish"
      />
      <HeaderLink
        clickHandler={[Function]}
        type="bug"
      />
      <HeaderLink
        clickHandler={[Function]}
        type="sea-creature"
      />
      <HeaderLink
        clickHandler={[Function]}
        href="/monthly"
        type="monthly-catches"
      />
    </nav>
  </header>
  <header
    className="header-secondary header"
  >
    <div
      className="content"
    >
      <LoginInfo />
    </div>
  </header>
</div>
`;
