// Jest Snapshot v1, https://goo.gl/fbAQLP

exports[`Specimen matches snapshot 1`] = `
<div
  className="specimen-base specimen-tracker"
  onClick={[Function]}
>
  <picture>
    <source
      srcset="../../assets/type/webp/image.webp"
      type="image/webp"
    />
    <source
      srcset="../../assets/type/png/image.png"
      type="image/png"
    />
    <img
      className="logo"
      src="../../assets/type/png/image.png"
    />
  </picture>
  <div
    className="textContainer"
  >
    <p
      className="text"
    >
      name
    </p>
  </div>
</div>
`;
