// Jest Snapshot v1, https://goo.gl/fbAQLP

exports[`VerboseSpecimen matches snapshot 1`] = `
<div
  className="specimen-base"
>
  <picture>
    <source
      srcset="../../assets/type/webp/image.webp"
      type="image/webp"
    />
    <source
      srcset="../../assets/type/png/image.png"
      type="image/png"
    />
    <img
      className="logo"
      src="../../assets/type/png/image.png"
    />
  </picture>
  <div
    className="verbose-title"
  >
    name
  </div>
  <div
    className="info-container"
  >
    <div
      className="info-text"
    >
      <span
        className="bold"
      >
        Location:
      </span>
       
      location
    </div>
    <div>
      <span
        className="bold"
      >
        Time:
      </span>
       
      time
    </div>
  </div>
</div>
`;
